// Vitest Snapshot v1, https://vitest.dev/guide/snapshot.html

exports[`测试快照 > snapshot 1`] = `
{
  "age": 1,
  "name": "xxx",
}
`;

exports[`测试快照 > snapshot 2`] = `"<div>Hello</div>"`;
